Error: SESSION_SECRET não definido em produção. Defina uma chave forte no ambiente antes de iniciar o serviço.
    at Object.<anonymous> (E:\Projetos\portalETE\app.js:29:11)
    at Module._compile (node:internal/modules/cjs/loader:1376:14)
    at Module._extensions..js (node:internal/modules/cjs/loader:1435:10)
    at Module.load (node:internal/modules/cjs/loader:1207:32)
    at Module._load (node:internal/modules/cjs/loader:1023:12)
    at Object.<anonymous> (C:\Users\nerias.sousa\AppData\Roaming\npm\node_modules\pm2\lib\ProcessContainerFork.js:32:23)
    at Module._compile (node:internal/modules/cjs/loader:1376:14)
    at Module._extensions..js (node:internal/modules/cjs/loader:1435:10)
    at Module.load (node:internal/modules/cjs/loader:1207:32)
    at Module._load (node:internal/modules/cjs/loader:1023:12)
Error: SESSION_SECRET não definido em produção. Defina uma chave forte no ambiente antes de iniciar o serviço.
    at Object.<anonymous> (E:\Projetos\portalETE\app.js:29:11)
    at Module._compile (node:internal/modules/cjs/loader:1376:14)
    at Module._extensions..js (node:internal/modules/cjs/loader:1435:10)
    at Module.load (node:internal/modules/cjs/loader:1207:32)
    at Module._load (node:internal/modules/cjs/loader:1023:12)
    at Object.<anonymous> (C:\Users\nerias.sousa\AppData\Roaming\npm\node_modules\pm2\lib\ProcessContainerFork.js:32:23)
    at Module._compile (node:internal/modules/cjs/loader:1376:14)
    at Module._extensions..js (node:internal/modules/cjs/loader:1435:10)
    at Module.load (node:internal/modules/cjs/loader:1207:32)
    at Module._load (node:internal/modules/cjs/loader:1023:12)
Error: SESSION_SECRET não definido em produção. Defina uma chave forte no ambiente antes de iniciar o serviço.
    at Object.<anonymous> (E:\Projetos\portalETE\app.js:29:11)
    at Module._compile (node:internal/modules/cjs/loader:1376:14)
    at Module._extensions..js (node:internal/modules/cjs/loader:1435:10)
    at Module.load (node:internal/modules/cjs/loader:1207:32)
    at Module._load (node:internal/modules/cjs/loader:1023:12)
    at Object.<anonymous> (C:\Users\nerias.sousa\AppData\Roaming\npm\node_modules\pm2\lib\ProcessContainerFork.js:32:23)
    at Module._compile (node:internal/modules/cjs/loader:1376:14)
    at Module._extensions..js (node:internal/modules/cjs/loader:1435:10)
    at Module.load (node:internal/modules/cjs/loader:1207:32)
    at Module._load (node:internal/modules/cjs/loader:1023:12)
Error: SESSION_SECRET não definido em produção. Defina uma chave forte no ambiente antes de iniciar o serviço.
    at Object.<anonymous> (E:\Projetos\portalETE\app.js:29:11)
    at Module._compile (node:internal/modules/cjs/loader:1376:14)
    at Module._extensions..js (node:internal/modules/cjs/loader:1435:10)
    at Module.load (node:internal/modules/cjs/loader:1207:32)
    at Module._load (node:internal/modules/cjs/loader:1023:12)
    at Object.<anonymous> (C:\Users\nerias.sousa\AppData\Roaming\npm\node_modules\pm2\lib\ProcessContainerFork.js:32:23)
    at Module._compile (node:internal/modules/cjs/loader:1376:14)
    at Module._extensions..js (node:internal/modules/cjs/loader:1435:10)
    at Module.load (node:internal/modules/cjs/loader:1207:32)
    at Module._load (node:internal/modules/cjs/loader:1023:12)
Error: SESSION_SECRET não definido em produção. Defina uma chave forte no ambiente antes de iniciar o serviço.
    at Object.<anonymous> (E:\Projetos\portalETE\app.js:29:11)
    at Module._compile (node:internal/modules/cjs/loader:1376:14)
    at Module._extensions..js (node:internal/modules/cjs/loader:1435:10)
    at Module.load (node:internal/modules/cjs/loader:1207:32)
    at Module._load (node:internal/modules/cjs/loader:1023:12)
    at Object.<anonymous> (C:\Users\nerias.sousa\AppData\Roaming\npm\node_modules\pm2\lib\ProcessContainerFork.js:32:23)
    at Module._compile (node:internal/modules/cjs/loader:1376:14)
    at Module._extensions..js (node:internal/modules/cjs/loader:1435:10)
    at Module.load (node:internal/modules/cjs/loader:1207:32)
    at Module._load (node:internal/modules/cjs/loader:1023:12)
Error: SESSION_SECRET não definido em produção. Defina uma chave forte no ambiente antes de iniciar o serviço.
    at Object.<anonymous> (E:\Projetos\portalETE\app.js:29:11)
    at Module._compile (node:internal/modules/cjs/loader:1376:14)
    at Module._extensions..js (node:internal/modules/cjs/loader:1435:10)
    at Module.load (node:internal/modules/cjs/loader:1207:32)
    at Module._load (node:internal/modules/cjs/loader:1023:12)
    at Object.<anonymous> (C:\Users\nerias.sousa\AppData\Roaming\npm\node_modules\pm2\lib\ProcessContainerFork.js:32:23)
    at Module._compile (node:internal/modules/cjs/loader:1376:14)
    at Module._extensions..js (node:internal/modules/cjs/loader:1435:10)
    at Module.load (node:internal/modules/cjs/loader:1207:32)
    at Module._load (node:internal/modules/cjs/loader:1023:12)
Error: SESSION_SECRET não definido em produção. Defina uma chave forte no ambiente antes de iniciar o serviço.
    at Object.<anonymous> (E:\Projetos\portalETE\app.js:29:11)
    at Module._compile (node:internal/modules/cjs/loader:1376:14)
    at Module._extensions..js (node:internal/modules/cjs/loader:1435:10)
    at Module.load (node:internal/modules/cjs/loader:1207:32)
    at Module._load (node:internal/modules/cjs/loader:1023:12)
    at Object.<anonymous> (C:\Users\nerias.sousa\AppData\Roaming\npm\node_modules\pm2\lib\ProcessContainerFork.js:32:23)
    at Module._compile (node:internal/modules/cjs/loader:1376:14)
    at Module._extensions..js (node:internal/modules/cjs/loader:1435:10)
    at Module.load (node:internal/modules/cjs/loader:1207:32)
    at Module._load (node:internal/modules/cjs/loader:1023:12)
Error: SESSION_SECRET não definido em produção. Defina uma chave forte no ambiente antes de iniciar o serviço.
    at Object.<anonymous> (E:\Projetos\portalETE\app.js:29:11)
    at Module._compile (node:internal/modules/cjs/loader:1376:14)
    at Module._extensions..js (node:internal/modules/cjs/loader:1435:10)
    at Module.load (node:internal/modules/cjs/loader:1207:32)
    at Module._load (node:internal/modules/cjs/loader:1023:12)
    at Object.<anonymous> (C:\Users\nerias.sousa\AppData\Roaming\npm\node_modules\pm2\lib\ProcessContainerFork.js:32:23)
    at Module._compile (node:internal/modules/cjs/loader:1376:14)
    at Module._extensions..js (node:internal/modules/cjs/loader:1435:10)
    at Module.load (node:internal/modules/cjs/loader:1207:32)
    at Module._load (node:internal/modules/cjs/loader:1023:12)
Error: SESSION_SECRET não definido em produção. Defina uma chave forte no ambiente antes de iniciar o serviço.
    at Object.<anonymous> (E:\Projetos\portalETE\app.js:29:11)
    at Module._compile (node:internal/modules/cjs/loader:1376:14)
    at Module._extensions..js (node:internal/modules/cjs/loader:1435:10)
    at Module.load (node:internal/modules/cjs/loader:1207:32)
    at Module._load (node:internal/modules/cjs/loader:1023:12)
    at Object.<anonymous> (C:\Users\nerias.sousa\AppData\Roaming\npm\node_modules\pm2\lib\ProcessContainerFork.js:32:23)
    at Module._compile (node:internal/modules/cjs/loader:1376:14)
    at Module._extensions..js (node:internal/modules/cjs/loader:1435:10)
    at Module.load (node:internal/modules/cjs/loader:1207:32)
    at Module._load (node:internal/modules/cjs/loader:1023:12)
Error: SESSION_SECRET não definido em produção. Defina uma chave forte no ambiente antes de iniciar o serviço.
    at Object.<anonymous> (E:\Projetos\portalETE\app.js:29:11)
    at Module._compile (node:internal/modules/cjs/loader:1376:14)
    at Module._extensions..js (node:internal/modules/cjs/loader:1435:10)
    at Module.load (node:internal/modules/cjs/loader:1207:32)
    at Module._load (node:internal/modules/cjs/loader:1023:12)
    at Object.<anonymous> (C:\Users\nerias.sousa\AppData\Roaming\npm\node_modules\pm2\lib\ProcessContainerFork.js:32:23)
    at Module._compile (node:internal/modules/cjs/loader:1376:14)
    at Module._extensions..js (node:internal/modules/cjs/loader:1435:10)
    at Module.load (node:internal/modules/cjs/loader:1207:32)
    at Module._load (node:internal/modules/cjs/loader:1023:12)
Error: SESSION_SECRET não definido em produção. Defina uma chave forte no ambiente antes de iniciar o serviço.
    at Object.<anonymous> (E:\Projetos\portalETE\app.js:29:11)
    at Module._compile (node:internal/modules/cjs/loader:1376:14)
    at Module._extensions..js (node:internal/modules/cjs/loader:1435:10)
    at Module.load (node:internal/modules/cjs/loader:1207:32)
    at Module._load (node:internal/modules/cjs/loader:1023:12)
    at Object.<anonymous> (C:\Users\nerias.sousa\AppData\Roaming\npm\node_modules\pm2\lib\ProcessContainerFork.js:32:23)
    at Module._compile (node:internal/modules/cjs/loader:1376:14)
    at Module._extensions..js (node:internal/modules/cjs/loader:1435:10)
    at Module.load (node:internal/modules/cjs/loader:1207:32)
    at Module._load (node:internal/modules/cjs/loader:1023:12)
Error: SESSION_SECRET não definido em produção. Defina uma chave forte no ambiente antes de iniciar o serviço.
    at Object.<anonymous> (E:\Projetos\portalETE\app.js:29:11)
    at Module._compile (node:internal/modules/cjs/loader:1376:14)
    at Module._extensions..js (node:internal/modules/cjs/loader:1435:10)
    at Module.load (node:internal/modules/cjs/loader:1207:32)
    at Module._load (node:internal/modules/cjs/loader:1023:12)
    at Object.<anonymous> (C:\Users\nerias.sousa\AppData\Roaming\npm\node_modules\pm2\lib\ProcessContainerFork.js:32:23)
    at Module._compile (node:internal/modules/cjs/loader:1376:14)
    at Module._extensions..js (node:internal/modules/cjs/loader:1435:10)
    at Module.load (node:internal/modules/cjs/loader:1207:32)
    at Module._load (node:internal/modules/cjs/loader:1023:12)
Error: SESSION_SECRET não definido em produção. Defina uma chave forte no ambiente antes de iniciar o serviço.
    at Object.<anonymous> (E:\Projetos\portalETE\app.js:29:11)
    at Module._compile (node:internal/modules/cjs/loader:1376:14)
    at Module._extensions..js (node:internal/modules/cjs/loader:1435:10)
    at Module.load (node:internal/modules/cjs/loader:1207:32)
    at Module._load (node:internal/modules/cjs/loader:1023:12)
    at Object.<anonymous> (C:\Users\nerias.sousa\AppData\Roaming\npm\node_modules\pm2\lib\ProcessContainerFork.js:32:23)
    at Module._compile (node:internal/modules/cjs/loader:1376:14)
    at Module._extensions..js (node:internal/modules/cjs/loader:1435:10)
    at Module.load (node:internal/modules/cjs/loader:1207:32)
    at Module._load (node:internal/modules/cjs/loader:1023:12)
Error: SESSION_SECRET não definido em produção. Defina uma chave forte no ambiente antes de iniciar o serviço.
    at Object.<anonymous> (E:\Projetos\portalETE\app.js:29:11)
    at Module._compile (node:internal/modules/cjs/loader:1376:14)
    at Module._extensions..js (node:internal/modules/cjs/loader:1435:10)
    at Module.load (node:internal/modules/cjs/loader:1207:32)
    at Module._load (node:internal/modules/cjs/loader:1023:12)
    at Object.<anonymous> (C:\Users\nerias.sousa\AppData\Roaming\npm\node_modules\pm2\lib\ProcessContainerFork.js:32:23)
    at Module._compile (node:internal/modules/cjs/loader:1376:14)
    at Module._extensions..js (node:internal/modules/cjs/loader:1435:10)
    at Module.load (node:internal/modules/cjs/loader:1207:32)
    at Module._load (node:internal/modules/cjs/loader:1023:12)
Error: SESSION_SECRET não definido em produção. Defina uma chave forte no ambiente antes de iniciar o serviço.
    at Object.<anonymous> (E:\Projetos\portalETE\app.js:29:11)
    at Module._compile (node:internal/modules/cjs/loader:1376:14)
    at Module._extensions..js (node:internal/modules/cjs/loader:1435:10)
    at Module.load (node:internal/modules/cjs/loader:1207:32)
    at Module._load (node:internal/modules/cjs/loader:1023:12)
    at Object.<anonymous> (C:\Users\nerias.sousa\AppData\Roaming\npm\node_modules\pm2\lib\ProcessContainerFork.js:32:23)
    at Module._compile (node:internal/modules/cjs/loader:1376:14)
    at Module._extensions..js (node:internal/modules/cjs/loader:1435:10)
    at Module.load (node:internal/modules/cjs/loader:1207:32)
    at Module._load (node:internal/modules/cjs/loader:1023:12)
Error: SESSION_SECRET não definido em produção. Defina uma chave forte no ambiente antes de iniciar o serviço.
    at Object.<anonymous> (E:\Projetos\portalETE\app.js:29:11)
    at Module._compile (node:internal/modules/cjs/loader:1376:14)
    at Module._extensions..js (node:internal/modules/cjs/loader:1435:10)
    at Module.load (node:internal/modules/cjs/loader:1207:32)
    at Module._load (node:internal/modules/cjs/loader:1023:12)
    at Object.<anonymous> (C:\Users\nerias.sousa\AppData\Roaming\npm\node_modules\pm2\lib\ProcessContainerFork.js:32:23)
    at Module._compile (node:internal/modules/cjs/loader:1376:14)
    at Module._extensions..js (node:internal/modules/cjs/loader:1435:10)
    at Module.load (node:internal/modules/cjs/loader:1207:32)
    at Module._load (node:internal/modules/cjs/loader:1023:12)
Error: SESSION_SECRET não definido em produção. Defina uma chave forte no ambiente antes de iniciar o serviço.
    at Object.<anonymous> (E:\Projetos\portalETE\app.js:29:11)
    at Module._compile (node:internal/modules/cjs/loader:1376:14)
    at Module._extensions..js (node:internal/modules/cjs/loader:1435:10)
    at Module.load (node:internal/modules/cjs/loader:1207:32)
    at Module._load (node:internal/modules/cjs/loader:1023:12)
    at Object.<anonymous> (C:\Users\nerias.sousa\AppData\Roaming\npm\node_modules\pm2\lib\ProcessContainerFork.js:32:23)
    at Module._compile (node:internal/modules/cjs/loader:1376:14)
    at Module._extensions..js (node:internal/modules/cjs/loader:1435:10)
    at Module.load (node:internal/modules/cjs/loader:1207:32)
    at Module._load (node:internal/modules/cjs/loader:1023:12)
Error: SESSION_SECRET não definido em produção. Defina uma chave forte no ambiente antes de iniciar o serviço.
    at Object.<anonymous> (E:\Projetos\portalETE\app.js:29:11)
    at Module._compile (node:internal/modules/cjs/loader:1376:14)
    at Module._extensions..js (node:internal/modules/cjs/loader:1435:10)
    at Module.load (node:internal/modules/cjs/loader:1207:32)
    at Module._load (node:internal/modules/cjs/loader:1023:12)
    at Object.<anonymous> (C:\Users\nerias.sousa\AppData\Roaming\npm\node_modules\pm2\lib\ProcessContainerFork.js:32:23)
    at Module._compile (node:internal/modules/cjs/loader:1376:14)
    at Module._extensions..js (node:internal/modules/cjs/loader:1435:10)
    at Module.load (node:internal/modules/cjs/loader:1207:32)
    at Module._load (node:internal/modules/cjs/loader:1023:12)
Error: SESSION_SECRET não definido em produção. Defina uma chave forte no ambiente antes de iniciar o serviço.
    at Object.<anonymous> (E:\Projetos\portalETE\app.js:29:11)
    at Module._compile (node:internal/modules/cjs/loader:1376:14)
    at Module._extensions..js (node:internal/modules/cjs/loader:1435:10)
    at Module.load (node:internal/modules/cjs/loader:1207:32)
    at Module._load (node:internal/modules/cjs/loader:1023:12)
    at Object.<anonymous> (C:\Users\nerias.sousa\AppData\Roaming\npm\node_modules\pm2\lib\ProcessContainerFork.js:32:23)
    at Module._compile (node:internal/modules/cjs/loader:1376:14)
    at Module._extensions..js (node:internal/modules/cjs/loader:1435:10)
    at Module.load (node:internal/modules/cjs/loader:1207:32)
    at Module._load (node:internal/modules/cjs/loader:1023:12)
Error: SESSION_SECRET não definido em produção. Defina uma chave forte no ambiente antes de iniciar o serviço.
    at Object.<anonymous> (E:\Projetos\portalETE\app.js:29:11)
    at Module._compile (node:internal/modules/cjs/loader:1376:14)
    at Module._extensions..js (node:internal/modules/cjs/loader:1435:10)
    at Module.load (node:internal/modules/cjs/loader:1207:32)
    at Module._load (node:internal/modules/cjs/loader:1023:12)
    at Object.<anonymous> (C:\Users\nerias.sousa\AppData\Roaming\npm\node_modules\pm2\lib\ProcessContainerFork.js:32:23)
    at Module._compile (node:internal/modules/cjs/loader:1376:14)
    at Module._extensions..js (node:internal/modules/cjs/loader:1435:10)
    at Module.load (node:internal/modules/cjs/loader:1207:32)
    at Module._load (node:internal/modules/cjs/loader:1023:12)
Error: SESSION_SECRET não definido em produção. Defina uma chave forte no ambiente antes de iniciar o serviço.
    at Object.<anonymous> (E:\Projetos\portalETE\app.js:29:11)
    at Module._compile (node:internal/modules/cjs/loader:1376:14)
    at Module._extensions..js (node:internal/modules/cjs/loader:1435:10)
    at Module.load (node:internal/modules/cjs/loader:1207:32)
    at Module._load (node:internal/modules/cjs/loader:1023:12)
    at Object.<anonymous> (C:\Users\nerias.sousa\AppData\Roaming\npm\node_modules\pm2\lib\ProcessContainerFork.js:32:23)
    at Module._compile (node:internal/modules/cjs/loader:1376:14)
    at Module._extensions..js (node:internal/modules/cjs/loader:1435:10)
    at Module.load (node:internal/modules/cjs/loader:1207:32)
    at Module._load (node:internal/modules/cjs/loader:1023:12)
Error: SESSION_SECRET não definido em produção. Defina uma chave forte no ambiente antes de iniciar o serviço.
    at Object.<anonymous> (E:\Projetos\portalETE\app.js:29:11)
    at Module._compile (node:internal/modules/cjs/loader:1376:14)
    at Module._extensions..js (node:internal/modules/cjs/loader:1435:10)
    at Module.load (node:internal/modules/cjs/loader:1207:32)
    at Module._load (node:internal/modules/cjs/loader:1023:12)
    at Object.<anonymous> (C:\Users\nerias.sousa\AppData\Roaming\npm\node_modules\pm2\lib\ProcessContainerFork.js:32:23)
    at Module._compile (node:internal/modules/cjs/loader:1376:14)
    at Module._extensions..js (node:internal/modules/cjs/loader:1435:10)
    at Module.load (node:internal/modules/cjs/loader:1207:32)
    at Module._load (node:internal/modules/cjs/loader:1023:12)
Error: SESSION_SECRET não definido em produção. Defina uma chave forte no ambiente antes de iniciar o serviço.
    at Object.<anonymous> (E:\Projetos\portalETE\app.js:29:11)
    at Module._compile (node:internal/modules/cjs/loader:1376:14)
    at Module._extensions..js (node:internal/modules/cjs/loader:1435:10)
    at Module.load (node:internal/modules/cjs/loader:1207:32)
    at Module._load (node:internal/modules/cjs/loader:1023:12)
    at Object.<anonymous> (C:\Users\nerias.sousa\AppData\Roaming\npm\node_modules\pm2\lib\ProcessContainerFork.js:32:23)
    at Module._compile (node:internal/modules/cjs/loader:1376:14)
    at Module._extensions..js (node:internal/modules/cjs/loader:1435:10)
    at Module.load (node:internal/modules/cjs/loader:1207:32)
    at Module._load (node:internal/modules/cjs/loader:1023:12)
Error: SESSION_SECRET não definido em produção. Defina uma chave forte no ambiente antes de iniciar o serviço.
    at Object.<anonymous> (E:\Projetos\portalETE\app.js:29:11)
    at Module._compile (node:internal/modules/cjs/loader:1376:14)
    at Module._extensions..js (node:internal/modules/cjs/loader:1435:10)
    at Module.load (node:internal/modules/cjs/loader:1207:32)
    at Module._load (node:internal/modules/cjs/loader:1023:12)
    at Object.<anonymous> (C:\Users\nerias.sousa\AppData\Roaming\npm\node_modules\pm2\lib\ProcessContainerFork.js:32:23)
    at Module._compile (node:internal/modules/cjs/loader:1376:14)
    at Module._extensions..js (node:internal/modules/cjs/loader:1435:10)
    at Module.load (node:internal/modules/cjs/loader:1207:32)
    at Module._load (node:internal/modules/cjs/loader:1023:12)
Error: SESSION_SECRET não definido em produção. Defina uma chave forte no ambiente antes de iniciar o serviço.
    at Object.<anonymous> (E:\Projetos\portalETE\app.js:29:11)
    at Module._compile (node:internal/modules/cjs/loader:1376:14)
    at Module._extensions..js (node:internal/modules/cjs/loader:1435:10)
    at Module.load (node:internal/modules/cjs/loader:1207:32)
    at Module._load (node:internal/modules/cjs/loader:1023:12)
    at Object.<anonymous> (C:\Users\nerias.sousa\AppData\Roaming\npm\node_modules\pm2\lib\ProcessContainerFork.js:32:23)
    at Module._compile (node:internal/modules/cjs/loader:1376:14)
    at Module._extensions..js (node:internal/modules/cjs/loader:1435:10)
    at Module.load (node:internal/modules/cjs/loader:1207:32)
    at Module._load (node:internal/modules/cjs/loader:1023:12)
Error: SESSION_SECRET não definido em produção. Defina uma chave forte no ambiente antes de iniciar o serviço.
    at Object.<anonymous> (E:\Projetos\portalETE\app.js:29:11)
    at Module._compile (node:internal/modules/cjs/loader:1376:14)
    at Module._extensions..js (node:internal/modules/cjs/loader:1435:10)
    at Module.load (node:internal/modules/cjs/loader:1207:32)
    at Module._load (node:internal/modules/cjs/loader:1023:12)
    at Object.<anonymous> (C:\Users\nerias.sousa\AppData\Roaming\npm\node_modules\pm2\lib\ProcessContainerFork.js:32:23)
    at Module._compile (node:internal/modules/cjs/loader:1376:14)
    at Module._extensions..js (node:internal/modules/cjs/loader:1435:10)
    at Module.load (node:internal/modules/cjs/loader:1207:32)
    at Module._load (node:internal/modules/cjs/loader:1023:12)
Error: SESSION_SECRET não definido em produção. Defina uma chave forte no ambiente antes de iniciar o serviço.
    at Object.<anonymous> (E:\Projetos\portalETE\app.js:29:11)
    at Module._compile (node:internal/modules/cjs/loader:1376:14)
    at Module._extensions..js (node:internal/modules/cjs/loader:1435:10)
    at Module.load (node:internal/modules/cjs/loader:1207:32)
    at Module._load (node:internal/modules/cjs/loader:1023:12)
    at Object.<anonymous> (C:\Users\nerias.sousa\AppData\Roaming\npm\node_modules\pm2\lib\ProcessContainerFork.js:32:23)
    at Module._compile (node:internal/modules/cjs/loader:1376:14)
    at Module._extensions..js (node:internal/modules/cjs/loader:1435:10)
    at Module.load (node:internal/modules/cjs/loader:1207:32)
    at Module._load (node:internal/modules/cjs/loader:1023:12)
Error: SESSION_SECRET não definido em produção. Defina uma chave forte no ambiente antes de iniciar o serviço.
    at Object.<anonymous> (E:\Projetos\portalETE\app.js:29:11)
    at Module._compile (node:internal/modules/cjs/loader:1376:14)
    at Module._extensions..js (node:internal/modules/cjs/loader:1435:10)
    at Module.load (node:internal/modules/cjs/loader:1207:32)
    at Module._load (node:internal/modules/cjs/loader:1023:12)
    at Object.<anonymous> (C:\Users\nerias.sousa\AppData\Roaming\npm\node_modules\pm2\lib\ProcessContainerFork.js:32:23)
    at Module._compile (node:internal/modules/cjs/loader:1376:14)
    at Module._extensions..js (node:internal/modules/cjs/loader:1435:10)
    at Module.load (node:internal/modules/cjs/loader:1207:32)
    at Module._load (node:internal/modules/cjs/loader:1023:12)
Error: SESSION_SECRET não definido em produção. Defina uma chave forte no ambiente antes de iniciar o serviço.
    at Object.<anonymous> (E:\Projetos\portalETE\app.js:29:11)
    at Module._compile (node:internal/modules/cjs/loader:1376:14)
    at Module._extensions..js (node:internal/modules/cjs/loader:1435:10)
    at Module.load (node:internal/modules/cjs/loader:1207:32)
    at Module._load (node:internal/modules/cjs/loader:1023:12)
    at Object.<anonymous> (C:\Users\nerias.sousa\AppData\Roaming\npm\node_modules\pm2\lib\ProcessContainerFork.js:32:23)
    at Module._compile (node:internal/modules/cjs/loader:1376:14)
    at Module._extensions..js (node:internal/modules/cjs/loader:1435:10)
    at Module.load (node:internal/modules/cjs/loader:1207:32)
    at Module._load (node:internal/modules/cjs/loader:1023:12)
Error: SESSION_SECRET não definido em produção. Defina uma chave forte no ambiente antes de iniciar o serviço.
    at Object.<anonymous> (E:\Projetos\portalETE\app.js:29:11)
    at Module._compile (node:internal/modules/cjs/loader:1376:14)
    at Module._extensions..js (node:internal/modules/cjs/loader:1435:10)
    at Module.load (node:internal/modules/cjs/loader:1207:32)
    at Module._load (node:internal/modules/cjs/loader:1023:12)
    at Object.<anonymous> (C:\Users\nerias.sousa\AppData\Roaming\npm\node_modules\pm2\lib\ProcessContainerFork.js:32:23)
    at Module._compile (node:internal/modules/cjs/loader:1376:14)
    at Module._extensions..js (node:internal/modules/cjs/loader:1435:10)
    at Module.load (node:internal/modules/cjs/loader:1207:32)
    at Module._load (node:internal/modules/cjs/loader:1023:12)
Error: SESSION_SECRET não definido em produção. Defina uma chave forte no ambiente antes de iniciar o serviço.
    at Object.<anonymous> (E:\Projetos\portalETE\app.js:29:11)
    at Module._compile (node:internal/modules/cjs/loader:1376:14)
    at Module._extensions..js (node:internal/modules/cjs/loader:1435:10)
    at Module.load (node:internal/modules/cjs/loader:1207:32)
    at Module._load (node:internal/modules/cjs/loader:1023:12)
    at Object.<anonymous> (C:\Users\nerias.sousa\AppData\Roaming\npm\node_modules\pm2\lib\ProcessContainerFork.js:32:23)
    at Module._compile (node:internal/modules/cjs/loader:1376:14)
    at Module._extensions..js (node:internal/modules/cjs/loader:1435:10)
    at Module.load (node:internal/modules/cjs/loader:1207:32)
    at Module._load (node:internal/modules/cjs/loader:1023:12)
Error: SESSION_SECRET não definido em produção. Defina uma chave forte no ambiente antes de iniciar o serviço.
    at Object.<anonymous> (E:\Projetos\portalETE\app.js:29:11)
    at Module._compile (node:internal/modules/cjs/loader:1376:14)
    at Module._extensions..js (node:internal/modules/cjs/loader:1435:10)
    at Module.load (node:internal/modules/cjs/loader:1207:32)
    at Module._load (node:internal/modules/cjs/loader:1023:12)
    at Object.<anonymous> (C:\Users\nerias.sousa\AppData\Roaming\npm\node_modules\pm2\lib\ProcessContainerFork.js:32:23)
    at Module._compile (node:internal/modules/cjs/loader:1376:14)
    at Module._extensions..js (node:internal/modules/cjs/loader:1435:10)
    at Module.load (node:internal/modules/cjs/loader:1207:32)
    at Module._load (node:internal/modules/cjs/loader:1023:12)
Portal ETE rodando em http://0.0.0.0:3021
Portal ETE rodando em http://0.0.0.0:3021
Portal ETE rodando em http://0.0.0.0:3021
